Archive member included to satisfy reference by file (symbol)

c:/apps/atmel/studio/7.0/toolchain/avr8/avr8-gnu-toolchain/bin/../lib/gcc/avr/5.4.0/../../../../avr/lib/avr6\libm.a(addsf3.o)
                              mat/mat.o (__subsf3)
c:/apps/atmel/studio/7.0/toolchain/avr8/avr8-gnu-toolchain/bin/../lib/gcc/avr/5.4.0/../../../../avr/lib/avr6\libm.a(addsf3x.o)
                              c:/apps/atmel/studio/7.0/toolchain/avr8/avr8-gnu-toolchain/bin/../lib/gcc/avr/5.4.0/../../../../avr/lib/avr6\libm.a(addsf3.o) (__addsf3x)
c:/apps/atmel/studio/7.0/toolchain/avr8/avr8-gnu-toolchain/bin/../lib/gcc/avr/5.4.0/../../../../avr/lib/avr6\libm.a(fixsfsi.o)
                              mat/mat.o (__fixsfsi)
c:/apps/atmel/studio/7.0/toolchain/avr8/avr8-gnu-toolchain/bin/../lib/gcc/avr/5.4.0/../../../../avr/lib/avr6\libm.a(fixunssfsi.o)
                              c:/apps/atmel/studio/7.0/toolchain/avr8/avr8-gnu-toolchain/bin/../lib/gcc/avr/5.4.0/../../../../avr/lib/avr6\libm.a(fixsfsi.o) (__fixunssfsi)
c:/apps/atmel/studio/7.0/toolchain/avr8/avr8-gnu-toolchain/bin/../lib/gcc/avr/5.4.0/../../../../avr/lib/avr6\libm.a(floatsisf.o)
                              mat/mat.o (__floatsisf)
c:/apps/atmel/studio/7.0/toolchain/avr8/avr8-gnu-toolchain/bin/../lib/gcc/avr/5.4.0/../../../../avr/lib/avr6\libm.a(fp_inf.o)
                              c:/apps/atmel/studio/7.0/toolchain/avr8/avr8-gnu-toolchain/bin/../lib/gcc/avr/5.4.0/../../../../avr/lib/avr6\libm.a(addsf3x.o) (__fp_inf)
c:/apps/atmel/studio/7.0/toolchain/avr8/avr8-gnu-toolchain/bin/../lib/gcc/avr/5.4.0/../../../../avr/lib/avr6\libm.a(fp_nan.o)
                              c:/apps/atmel/studio/7.0/toolchain/avr8/avr8-gnu-toolchain/bin/../lib/gcc/avr/5.4.0/../../../../avr/lib/avr6\libm.a(addsf3x.o) (__fp_nan)
c:/apps/atmel/studio/7.0/toolchain/avr8/avr8-gnu-toolchain/bin/../lib/gcc/avr/5.4.0/../../../../avr/lib/avr6\libm.a(fp_pscA.o)
                              c:/apps/atmel/studio/7.0/toolchain/avr8/avr8-gnu-toolchain/bin/../lib/gcc/avr/5.4.0/../../../../avr/lib/avr6\libm.a(addsf3x.o) (__fp_pscA)
c:/apps/atmel/studio/7.0/toolchain/avr8/avr8-gnu-toolchain/bin/../lib/gcc/avr/5.4.0/../../../../avr/lib/avr6\libm.a(fp_pscB.o)
                              c:/apps/atmel/studio/7.0/toolchain/avr8/avr8-gnu-toolchain/bin/../lib/gcc/avr/5.4.0/../../../../avr/lib/avr6\libm.a(addsf3x.o) (__fp_pscB)
c:/apps/atmel/studio/7.0/toolchain/avr8/avr8-gnu-toolchain/bin/../lib/gcc/avr/5.4.0/../../../../avr/lib/avr6\libm.a(fp_round.o)
                              c:/apps/atmel/studio/7.0/toolchain/avr8/avr8-gnu-toolchain/bin/../lib/gcc/avr/5.4.0/../../../../avr/lib/avr6\libm.a(addsf3.o) (__fp_round)
c:/apps/atmel/studio/7.0/toolchain/avr8/avr8-gnu-toolchain/bin/../lib/gcc/avr/5.4.0/../../../../avr/lib/avr6\libm.a(fp_split3.o)
                              c:/apps/atmel/studio/7.0/toolchain/avr8/avr8-gnu-toolchain/bin/../lib/gcc/avr/5.4.0/../../../../avr/lib/avr6\libm.a(addsf3x.o) (__fp_split3)
c:/apps/atmel/studio/7.0/toolchain/avr8/avr8-gnu-toolchain/bin/../lib/gcc/avr/5.4.0/../../../../avr/lib/avr6\libm.a(fp_zero.o)
                              c:/apps/atmel/studio/7.0/toolchain/avr8/avr8-gnu-toolchain/bin/../lib/gcc/avr/5.4.0/../../../../avr/lib/avr6\libm.a(addsf3x.o) (__fp_zero)
c:/apps/atmel/studio/7.0/toolchain/avr8/avr8-gnu-toolchain/bin/../lib/gcc/avr/5.4.0/../../../../avr/lib/avr6\libm.a(mulsf3.o)
                              mat/mat.o (__mulsf3)
c:/apps/atmel/studio/7.0/toolchain/avr8/avr8-gnu-toolchain/bin/../lib/gcc/avr/5.4.0/../../../../avr/lib/avr6\libm.a(mulsf3x.o)
                              c:/apps/atmel/studio/7.0/toolchain/avr8/avr8-gnu-toolchain/bin/../lib/gcc/avr/5.4.0/../../../../avr/lib/avr6\libm.a(mulsf3.o) (__mulsf3x)
c:/apps/atmel/studio/7.0/toolchain/avr8/avr8-gnu-toolchain/bin/../lib/gcc/avr/5.4.0/../../../../avr/lib/avr6\libm.a(pow.o)
                              mat/mat.o (pow)
c:/apps/atmel/studio/7.0/toolchain/avr8/avr8-gnu-toolchain/bin/../lib/gcc/avr/5.4.0/../../../../avr/lib/avr6\libm.a(exp.o)
                              c:/apps/atmel/studio/7.0/toolchain/avr8/avr8-gnu-toolchain/bin/../lib/gcc/avr/5.4.0/../../../../avr/lib/avr6\libm.a(pow.o) (exp)
c:/apps/atmel/studio/7.0/toolchain/avr8/avr8-gnu-toolchain/bin/../lib/gcc/avr/5.4.0/../../../../avr/lib/avr6\libm.a(fp_powser.o)
                              c:/apps/atmel/studio/7.0/toolchain/avr8/avr8-gnu-toolchain/bin/../lib/gcc/avr/5.4.0/../../../../avr/lib/avr6\libm.a(exp.o) (__fp_powser)
c:/apps/atmel/studio/7.0/toolchain/avr8/avr8-gnu-toolchain/bin/../lib/gcc/avr/5.4.0/../../../../avr/lib/avr6\libm.a(inverse.o)
                              c:/apps/atmel/studio/7.0/toolchain/avr8/avr8-gnu-toolchain/bin/../lib/gcc/avr/5.4.0/../../../../avr/lib/avr6\libm.a(exp.o) (inverse)
c:/apps/atmel/studio/7.0/toolchain/avr8/avr8-gnu-toolchain/bin/../lib/gcc/avr/5.4.0/../../../../avr/lib/avr6\libm.a(ldexp.o)
[...]
Memory Configuration

Name             Origin             Length             Attributes
text             0x00000000         0x00040000         xr
data             0x00800200         0x00008000         rw !x
eeprom           0x00810000         0x00002000         rw !x
fuse             0x00820000         0x00000003         rw !x
lock             0x00830000         0x00000400         rw !x
signature        0x00840000         0x00000400         rw !x
user_signatures  0x00850000         0x00000400         rw !x
*default*        0x00000000         0xffffffff

Linker script and memory map

Address of section .data set to 0x800200
LOAD c:/apps/atmel/studio/7.0/toolchain/avr8/avr8-gnu-toolchain/bin/../lib/gcc/avr/5.4.0/../../../../avr/lib/avr6/crtatmega256rfr2.o
LOAD ADConv/adconv.o
LOAD hx711/hx711.o
LOAD i2c/i2c.o
LOAD main.o
LOAD mat/mat.o
LOAD stack/hal/atmega256rfr2/src/hal.o
LOAD stack/hal/atmega256rfr2/src/halTimer.o
LOAD stack/hal/drivers/atmega256rfr2/src/halSleep.o
LOAD stack/hal/drivers/atmega256rfr2/src/halUart.o
LOAD stack/nwk/src/nwk.o
LOAD stack/nwk/src/nwkDataReq.o
LOAD stack/nwk/src/nwkFrame.o
LOAD stack/nwk/src/nwkGroup.o
LOAD stack/nwk/src/nwkRoute.o
LOAD stack/nwk/src/nwkRouteDiscovery.o
LOAD stack/nwk/src/nwkRx.o
LOAD stack/nwk/src/nwkSecurity.o
LOAD stack/nwk/src/nwkTx.o
LOAD stack/phy/atmega256rfr2/src/phy.o
LOAD stack/sys/src/sys.o
LOAD stack/sys/src/sysEncrypt.o
LOAD stack/sys/src/sysTimer.o
LOAD uart/uart.o
START GROUP
LOAD c:/apps/atmel/studio/7.0/toolchain/avr8/avr8-gnu-toolchain/bin/../lib/gcc/avr/5.4.0/../../../../avr/lib/avr6\libm.a
END GROUP
START GROUP
LOAD c:/apps/atmel/studio/7.0/toolchain/avr8/avr8-gnu-toolchain/bin/../lib/gcc/avr/5.4.0/avr6\libgcc.a
LOAD c:/apps/atmel/studio/7.0/toolchain/avr8/avr8-gnu-toolchain/bin/../lib/gcc/avr/5.4.0/../../../../avr/lib/avr6\libm.a
LOAD c:/apps/atmel/studio/7.0/toolchain/avr8/avr8-gnu-toolchain/bin/../lib/gcc/avr/5.4.0/../../../../avr/lib/avr6\libc.a
LOAD c:/apps/atmel/studio/7.0/toolchain/avr8/avr8-gnu-toolchain/bin/../lib/gcc/avr/5.4.0/../../../../avr/lib/avr6\libatmega256rfr2.a
END GROUP
                [0x00000000]                __TEXT_REGION_ORIGIN__ = DEFINED (__TEXT_REGION_ORIGIN__)?__TEXT_REGION_ORIGIN__:0x0
                [0x00800200]                __DATA_REGION_ORIGIN__ = DEFINED (__DATA_REGION_ORIGIN__)?__DATA_REGION_ORIGIN__:0x800200
                [0x00040000]                __TEXT_REGION_LENGTH__ = DEFINED (__TEXT_REGION_LENGTH__)?__TEXT_REGION_LENGTH__:0x100000
                [0x00008000]                __DATA_REGION_LENGTH__ = DEFINED (__DATA_REGION_LENGTH__)?__DATA_REGION_LENGTH__:0xfe00
                [0x00002000]                __EEPROM_REGION_LENGTH__ = DEFINED (__EEPROM_REGION_LENGTH__)?__EEPROM_REGION_LENGTH__:0x10000
                [0x00000003]                __FUSE_REGION_LENGTH__ = DEFINED (__FUSE_REGION_LENGTH__)?__FUSE_REGION_LENGTH__:0x400
                0x00000400                __LOCK_REGION_LENGTH__ = DEFINED (__LOCK_REGION_LENGTH__)?__LOCK_REGION_LENGTH__:0x400
                0x00000400                __SIGNATURE_REGION_LENGTH__ = DEFINED (__SIGNATURE_REGION_LENGTH__)?__SIGNATURE_REGION_LENGTH__:0x400
                0x00000400                __USER_SIGNATURE_REGION_LENGTH__ = DEFINED (__USER_SIGNATURE_REGION_LENGTH__)?__USER_SIGNATURE_REGION_LENGTH__:0x400

.hash
 *(.hash)

.dynsym
 *(.dynsym)

.dynstr
 *(.dynstr)

.gnu.version
 *(.gnu.version)

.gnu.version_d
 *(.gnu.version_d)

.gnu.version_r
 *(.gnu.version_r)

.rel.init
 *(.rel.init)

.rela.init
 *(.rela.init)

.rel.text
 *(.rel.text)
 *(.rel.text.*)
 *(.rel.gnu.linkonce.t*)

.rela.text
 *(.rela.text)
 *(.rela.text.*)
 *(.rela.gnu.linkonce.t*)

.rel.fini
 *(.rel.fini)

.rela.fini
 *(.rela.fini)

.rel.rodata
 *(.rel.rodata)
 *(.rel.rodata.*)
 *(.rel.gnu.linkonce.r*)

.rela.rodata
 *(.rela.rodata)
 *(.rela.rodata.*)
 *(.rela.gnu.linkonce.r*)

.rel.data
 *(.rel.data)
 *(.rel.data.*)
 *(.rel.gnu.linkonce.d*)

.rela.data
 *(.rela.data)
 *(.rela.data.*)
 *(.rela.gnu.linkonce.d*)

.rel.ctors
 *(.rel.ctors)

.rela.ctors
 *(.rela.ctors)

.rel.dtors
 *(.rel.dtors)

.rela.dtors
 *(.rela.dtors)

.rel.got
 *(.rel.got)

.rela.got
 *(.rela.got)

.rel.bss
 *(.rel.bss)

.rela.bss
 *(.rela.bss)

.rel.plt
 *(.rel.plt)

.rela.plt
 *(.rela.plt)

.text           0x00000000     0x29c8
 *(.vectors)
 .vectors       0x00000000      0x134 c:/apps/atmel/studio/7.0/toolchain/avr8/avr8-gnu-toolchain/bin/../lib/gcc/avr/5.4.0/../../../../avr/lib/avr6/crtatmega256rfr2.o
                0x00000000                __vector_default
                0x00000000                __vectors
 *(.vectors)
 *(.progmem.gcc*)
                0x00000134                . = ALIGN (0x2)
                0x00000134                __trampolines_start = .
 *(.trampolines)
 .trampolines   0x00000134        0x0 linker stubs
 *(.trampolines*)
                0x00000134                __trampolines_end = .
 *libprintf_flt.a:*(.progmem.data)
 *libc.a:*(.progmem.data)
 *(.progmem*)
                0x00000134                . = ALIGN (0x2)
 *(.jumptables)
 *(.jumptables*)
 *(.lowtext)
 *(.lowtext*)
                0x00000134                __ctors_start = .
 *(.ctors)
                0x00000134                __ctors_end = .
                0x00000134                __dtors_start = .
 *(.dtors)
                0x00000134                __dtors_end = .
 SORT(*)(.ctors)
 SORT(*)(.dtors)
 *(.init0)
 .init0         0x00000134        0x0 c:/apps/atmel/studio/7.0/toolchain/avr8/avr8-gnu-toolchain/bin/../lib/gcc/avr/5.4.0/../../../../avr/lib/avr6/crtatmega256rfr2.o
                0x00000134                __init
 *(.init0)
 *(.init1)
 *(.init1)
 *(.init2)
 .init2         0x00000134       0x10 c:/apps/atmel/studio/7.0/toolchain/avr8/avr8-gnu-toolchain/bin/../lib/gcc/avr/5.4.0/../../../../avr/lib/avr6/crtatmega256rfr2.o
 *(.init2)
 *(.init3)
 *(.init3)
 *(.init4)
 .init4         0x00000144       0x1a c:/apps/atmel/studio/7.0/toolchain/avr8/avr8-gnu-toolchain/bin/../lib/gcc/avr/5.4.0/avr6\libgcc.a(_copy_data.o)
                0x00000144                __do_copy_data
 .init4         0x0000015e       0x10 c:/apps/atmel/studio/7.0/toolchain/avr8/avr8-gnu-toolchain/bin/../lib/gcc/avr/5.4.0/avr6\libgcc.a(_clear_bss.o)
                0x0000015e                __do_clear_bss
 *(.init4)
 *(.init5)
 *(.init5)
 *(.init6)
 *(.init6)
 *(.init7)
 *(.init7)
 *(.init8)
 *(.init8)
 *(.init9)
 .init9         0x0000016e        0x6 c:/apps/atmel/studio/7.0/toolchain/avr8/avr8-gnu-toolchain/bin/../lib/gcc/avr/5.4.0/../../../../avr/lib/avr6/crtatmega256rfr2.o
 *(.init9)
 *(.text)
 .text          0x00000174        0x2 c:/apps/atmel/studio/7.0/toolchain/avr8/avr8-gnu-toolchain/bin/../lib/gcc/avr/5.4.0/../../../../avr/lib/avr6/crtatmega256rfr2.o
                0x00000174                __vector_38
                0x00000174                __vector_22
                0x00000174                __vector_63
                0x00000174                __vector_28
                0x00000174                __vector_67
                0x00000174                __vector_1
                0x00000174                __vector_32
                0x00000174                __vector_75
                0x00000174                __vector_71
                0x00000174                __vector_34
                0x00000174                __vector_62
                0x00000174                __vector_24
                0x00000174                __vector_12
                0x00000174                __vector_55
                0x00000174                __vector_69
                0x00000174                __vector_46
                0x00000174                __bad_interrupt
                0x00000174                __vector_72
                0x00000174                __vector_31
                0x00000174                __vector_35
                0x00000174                __vector_74
                0x00000174                __vector_39
                0x00000174                __vector_3
                0x00000174                __vector_23
                0x00000174                __vector_68
                0x00000174                __vector_30
                0x00000174                __vector_73
                0x00000174                __vector_45
                0x00000174                __vector_25
                0x00000174                __vector_61
                0x00000174                __vector_11
                0x00000174                __vector_54
                0x00000174                __vector_17
                0x00000174                __vector_19
                0x00000174                __vector_56
                0x00000174                __vector_7
                0x00000174                __vector_49
                0x00000174                __vector_41
                0x00000174                __vector_64
                0x00000174                __vector_43
                0x00000174                __vector_27
                0x00000174                __vector_33
                0x00000174                __vector_76
                0x00000174                __vector_47
                0x00000174                __vector_52
                0x00000174                __vector_4
                0x00000174                __vector_44
                0x00000174                __vector_51
                0x00000174                __vector_9
                0x00000174                __vector_2
                0x00000174                __vector_21
                0x00000174                __vector_15
                0x00000174                __vector_66
                0x00000174                __vector_58
                0x00000174                __vector_70
                0x00000174                __vector_29
                0x00000174                __vector_60
                0x00000174                __vector_40
                0x00000174                __vector_8
                0x00000174                __vector_26
                0x00000174                __vector_48
                0x00000174                __vector_14
                0x00000174                __vector_57
                0x00000174                __vector_53
                0x00000174                __vector_10
                0x00000174                __vector_50
                0x00000174                __vector_16
                0x00000174                __vector_59
                0x00000174                __vector_18
                0x00000174                __vector_20
                0x00000174                __vector_65
                0x00000176                . = ALIGN (0x2)
 *(.text.*)
 .text.HX711_reset
                0x00000176       0x1e hx711/hx711.o
                0x00000176                HX711_reset
 .text.HX711_measure
                0x00000194       0x4e hx711/hx711.o
                0x00000194                HX711_measure
 .text.HX711_start
                0x000001e2       0x7c hx711/hx711.o
                0x000001e2                HX711_start
 .text.HX711_getZERO
                0x0000025e       0x2c hx711/hx711.o
                0x0000025e                HX711_getZERO
 .text.HX711_measureAvg10
                0x0000028a       0x86 hx711/hx711.o
                0x0000028a                HX711_measureAvg10
 .text.HX711_measureGrams
                0x00000310      0x100 hx711/hx711.o
                0x00000310                HX711_measureGrams
 .text.calibration1Kg
                0x00000410       0x7a hx711/hx711.o
                0x00000410                calibration1Kg
 .text.appDataConf
                0x0000048a        0x6 main.o
 .text.appSendData
                0x00000490       0x5e main.o
 .text.appTimerHandler
                0x000004ee        0xa main.o
 .text.appDataInd
                0x000004f8       0xca main.o
 .text.appMyTimerHandler
                0x000005c2      0x10a main.o
 .text.HAL_UartBytesReceived
                0x000006cc       0x6c main.o
                0x000006cc                HAL_UartBytesReceived
 .text.main     0x00000738      0x11e main.o
                0x00000738                main
 .text.__vector_5
                0x00000856       0x98 main.o
                0x00000856                __vector_5
 .text.__vector_6
                0x000008ee       0x96 main.o
                0x000008ee                __vector_6
 .text.HAL_Init
                0x00000984       0x28 stack/hal/atmega256rfr2/src/hal.o
                0x00000984                HAL_Init
 .text.HAL_TimerInit
                0x000009ac       0x2a stack/hal/atmega256rfr2/src/halTimer.o
                0x000009ac                HAL_TimerInit
 .text.__vector_42
                0x000009d6       0x22 stack/hal/atmega256rfr2/src/halTimer.o
                0x000009d6                __vector_42
 .text.__vector_13
                0x000009f8       0x1e stack/hal/drivers/atmega256rfr2/src/halSleep.o
                0x000009f8                __vector_13
 .text.HAL_UartInit
                0x00000a16       0xaa stack/hal/drivers/atmega256rfr2/src/halUart.o
                0x00000a16                HAL_UartInit
 .text.HAL_UartWriteByte
                0x00000ac0       0x4e stack/hal/drivers/atmega256rfr2/src/halUart.o
                0x00000ac0                HAL_UartWriteByte
 .text.HAL_UartReadByte
                0x00000b0e       0x4c stack/hal/drivers/atmega256rfr2/src/halUart.o
                0x00000b0e                HAL_UartReadByte
 .text.__vector_37
                0x00000b5a       0x38 stack/hal/drivers/atmega256rfr2/src/halUart.o
                0x00000b5a                __vector_37
 .text.__vector_36
                0x00000b92       0xae stack/hal/drivers/atmega256rfr2/src/halUart.o
                0x00000b92                __vector_36
 .text.HAL_UartTaskHandler
                0x00000c40       0x86 stack/hal/drivers/atmega256rfr2/src/halUart.o
                0x00000c40                HAL_UartTaskHandler
 .text.NWK_Init
                0x00000cc6       0x2e stack/nwk/src/nwk.o
                0x00000cc6                NWK_Init
 .text.NWK_SetAddr
                0x00000cf4        0xe stack/nwk/src/nwk.o
                0x00000cf4                NWK_SetAddr
 .text.NWK_SetPanId
                0x00000d02        0xe stack/nwk/src/nwk.o
                0x00000d02                NWK_SetPanId
 .text.NWK_OpenEndpoint
                0x00000d10       0x12 stack/nwk/src/nwk.o
                0x00000d10                NWK_OpenEndpoint
 .text.NWK_TaskHandler
                0x00000d22        0x8 stack/nwk/src/nwk.o
                0x00000d22                NWK_TaskHandler
 .text.nwkDataReqTxConf
                0x00000d2a       0x46 stack/nwk/src/nwkDataReq.o
 .text.nwkDataReqInit
                0x00000d70        0xa stack/nwk/src/nwkDataReq.o
                0x00000d70                nwkDataReqInit
 .text.NWK_DataReq
                0x00000d7a       0x48 stack/nwk/src/nwkDataReq.o
                0x00000d7a                NWK_DataReq
 .text.nwkDataReqTaskHandler
                0x00000dc2      0x146 stack/nwk/src/nwkDataReq.o
                0x00000dc2                nwkDataReqTaskHandler
 .text.nwkFrameInit
                0x00000f08       0x16 stack/nwk/src/nwkFrame.o
                0x00000f08                nwkFrameInit
 .text.nwkFrameAlloc
                0x00000f1e       0x72 stack/nwk/src/nwkFrame.o
                0x00000f1e                nwkFrameAlloc
 .text.nwkFrameFree
                0x00000f90       0x14 stack/nwk/src/nwkFrame.o
                0x00000f90                nwkFrameFree
 .text.nwkFrameNext
                0x00000fa4       0x4a stack/nwk/src/nwkFrame.o
                0x00000fa4                nwkFrameNext
 .text.nwkFrameCommandInit
                0x00000fee       0x28 stack/nwk/src/nwkFrame.o
                0x00000fee                nwkFrameCommandInit
 .text.nwkRouteInit
                0x00001016       0x40 stack/nwk/src/nwkRoute.o
                0x00001016                nwkRouteInit
 .text.NWK_RouteFindEntry
                0x00001056       0x64 stack/nwk/src/nwkRoute.o
                0x00001056                NWK_RouteFindEntry
 .text.NWK_RouteNewEntry
                0x000010ba       0x44 stack/nwk/src/nwkRoute.o
                0x000010ba                NWK_RouteNewEntry
 .text.NWK_RouteFreeEntry
                0x000010fe       0x14 stack/nwk/src/nwkRoute.o
                0x000010fe                NWK_RouteFreeEntry
 .text.NWK_RouteNextHop
                0x00001112       0x14 stack/nwk/src/nwkRoute.o
                0x00001112                NWK_RouteNextHop
 .text.nwkRouteRemove
                0x00001126        0xa stack/nwk/src/nwkRoute.o
                0x00001126                nwkRouteRemove
 .text.nwkRouteFrameReceived
                0x00001130       0x9e stack/nwk/src/nwkRoute.o
                0x00001130                nwkRouteFrameReceived
 .text.nwkRouteFrameSent
                0x000011ce       0x8e stack/nwk/src/nwkRoute.o
                0x000011ce                nwkRouteFrameSent
 .text.nwkRoutePrepareTx
                0x0000125c       0x3e stack/nwk/src/nwkRoute.o
                0x0000125c                nwkRoutePrepareTx
 .text.nwkRouteFrame
                0x0000129a       0x98 stack/nwk/src/nwkRoute.o
                0x0000129a                nwkRouteFrame
 .text.nwkRouteErrorReceived
                0x00001332       0x1e stack/nwk/src/nwkRoute.o
                0x00001332                nwkRouteErrorReceived
 .text.nwkRxServiceDataInd
                0x00001350       0x30 stack/nwk/src/nwkRx.o
 .text.nwkRxDuplicateRejectionTimerHandler
                0x00001380       0x2c stack/nwk/src/nwkRx.o
 .text.nwkRxInit
                0x000013ac       0x3a stack/nwk/src/nwkRx.o
                0x000013ac                nwkRxInit
 .text.PHY_DataInd
                0x000013e6       0x54 stack/nwk/src/nwkRx.o
                0x000013e6                PHY_DataInd
 .text.nwkRxTaskHandler
                0x0000143a      0x478 stack/nwk/src/nwkRx.o
                0x0000143a                nwkRxTaskHandler
 .text.nwkTxDelayTimerHandler
                0x000018b2       0x58 stack/nwk/src/nwkTx.o
 .text.nwkTxAckWaitTimerHandler
                0x0000190a       0x64 stack/nwk/src/nwkTx.o
 .text.nwkTxInit
                0x0000196e       0x46 stack/nwk/src/nwkTx.o
                0x0000196e                nwkTxInit
 .text.nwkTxFrame
                0x000019b4       0x9c stack/nwk/src/nwkTx.o
                0x000019b4                nwkTxFrame
 .text.nwkTxBroadcastFrame
                0x00001a50       0x86 stack/nwk/src/nwkTx.o
                0x00001a50                nwkTxBroadcastFrame
 .text.nwkTxAckReceived
                0x00001ad6       0x4a stack/nwk/src/nwkTx.o
                0x00001ad6                nwkTxAckReceived
 .text.PHY_DataConf
                0x00001b20       0x46 stack/nwk/src/nwkTx.o
                0x00001b20                PHY_DataConf
 .text.nwkTxTaskHandler
                0x00001b66      0x136 stack/nwk/src/nwkTx.o
                0x00001b66                nwkTxTaskHandler
 .text.phySetChannel
                0x00001c9c       0x3c stack/phy/atmega256rfr2/src/phy.o
 .text.phyTrxSetState
                0x00001cd8       0x24 stack/phy/atmega256rfr2/src/phy.o
 .text.phySetRxState
                0x00001cfc       0x18 stack/phy/atmega256rfr2/src/phy.o
 .text.PHY_Init
                0x00001d14       0x2e stack/phy/atmega256rfr2/src/phy.o
                0x00001d14                PHY_Init
 .text.PHY_SetRxState
                0x00001d42        0x8 stack/phy/atmega256rfr2/src/phy.o
                0x00001d42                PHY_SetRxState
 .text.PHY_SetChannel
                0x00001d4a        0x8 stack/phy/atmega256rfr2/src/phy.o
                0x00001d4a                PHY_SetChannel
 .text.PHY_SetPanId
                0x00001d52       0x24 stack/phy/atmega256rfr2/src/phy.o
                0x00001d52                PHY_SetPanId
 .text.PHY_SetShortAddr
                0x00001d76       0x2e stack/phy/atmega256rfr2/src/phy.o
                0x00001d76                PHY_SetShortAddr
 .text.PHY_DataReq
                0x00001da4       0x52 stack/phy/atmega256rfr2/src/phy.o
                0x00001da4                PHY_DataReq
 .text.PHY_TaskHandler
                0x00001df6       0xf6 stack/phy/atmega256rfr2/src/phy.o
                0x00001df6                PHY_TaskHandler
 .text.SYS_Init
                0x00001eec        0xe stack/sys/src/sys.o
                0x00001eec                SYS_Init
 .text.SYS_TaskHandler
                0x00001efa        0xa stack/sys/src/sys.o
                0x00001efa                SYS_TaskHandler
 .text.placeTimer
                0x00001f04       0xc8 stack/sys/src/sysTimer.o
 .text.SYS_TimerInit
                0x00001fcc        0xa stack/sys/src/sysTimer.o
                0x00001fcc                SYS_TimerInit
 .text.SYS_TimerStop
                0x00001fd6       0x7a stack/sys/src/sysTimer.o
                0x00001fd6                SYS_TimerStop
 .text.SYS_TimerStarted
                0x00002050       0x34 stack/sys/src/sysTimer.o
                0x00002050                SYS_TimerStarted
 .text.SYS_TimerStart
                0x00002084       0x16 stack/sys/src/sysTimer.o
                0x00002084                SYS_TimerStart
 .text.SYS_TimerTaskHandler
                0x0000209a       0xd6 stack/sys/src/sysTimer.o
                0x0000209a                SYS_TimerTaskHandler
 .text.UART_init
                0x00002170       0x3e uart/uart.o
                0x00002170                UART_init
 .text.printCHAR
                0x000021ae       0x14 uart/uart.o
                0x000021ae                printCHAR
 .text.libgcc.div
                0x000021c2       0x44 c:/apps/atmel/studio/7.0/toolchain/avr8/avr8-gnu-toolchain/bin/../lib/gcc/avr/5.4.0/avr6\libgcc.a(_udivmodsi4.o)
                0x000021c2                __udivmodsi4
 .text.libgcc.div
                0x00002206       0x28 c:/apps/atmel/studio/7.0/toolchain/avr8/avr8-gnu-toolchain/bin/../lib/gcc/avr/5.4.0/avr6\libgcc.a(_divmodsi4.o)
                0x00002206                __divmodsi4
 .text.libgcc.div
                0x0000222e       0x10 c:/apps/atmel/studio/7.0/toolchain/avr8/avr8-gnu-toolchain/bin/../lib/gcc/avr/5.4.0/avr6\libgcc.a(_negsi2.o)
                0x0000222e                __negsi2
 .text.avr-libc
                0x0000223e       0xaa c:/apps/atmel/studio/7.0/toolchain/avr8/avr8-gnu-toolchain/bin/../lib/gcc/avr/5.4.0/../../../../avr/lib/avr6\libc.a(rand.o)
                0x000022ca                rand_r
                0x000022cc                rand
                0x000022d2                srand
 .text.avr-libc
                0x000022e8       0x12 c:/apps/atmel/studio/7.0/toolchain/avr8/avr8-gnu-toolchain/bin/../lib/gcc/avr/5.4.0/../../../../avr/lib/avr6\libc.a(memcpy.o)
                0x000022e8                memcpy
 .text.avr-libc
                0x000022fa       0x16 c:/apps/atmel/studio/7.0/toolchain/avr8/avr8-gnu-toolchain/bin/../lib/gcc/avr/5.4.0/../../../../avr/lib/avr6\libc.a(strcat.o)
                0x000022fa                strcat
 .text.avr-libc
                0x00002310       0x1c c:/apps/atmel/studio/7.0/toolchain/avr8/avr8-gnu-toolchain/bin/../lib/gcc/avr/5.4.0/../../../../avr/lib/avr6\libc.a(ltoa_ncheck.o)
                0x00002310                __ltoa_ncheck
 .text.avr-libc
                0x0000232c       0x42 c:/apps/atmel/studio/7.0/toolchain/avr8/avr8-gnu-toolchain/bin/../lib/gcc/avr/5.4.0/../../../../avr/lib/avr6\libc.a(ultoa_ncheck.o)
                0x0000232c                __ultoa_ncheck
                0x0000232e                __ultoa_common
 .text.avr-libc
                0x0000236e       0x26 c:/apps/atmel/studio/7.0/toolchain/avr8/avr8-gnu-toolchain/bin/../lib/gcc/avr/5.4.0/../../../../avr/lib/avr6\libc.a(printf.o)
                0x0000236e                printf
 .text.avr-libc
                0x00002394       0x78 c:/apps/atmel/studio/7.0/toolchain/avr8/avr8-gnu-toolchain/bin/../lib/gcc/avr/5.4.0/../../../../avr/lib/avr6\libc.a(snprintf.o)
                0x00002394                snprintf
 .text.avr-libc
                0x0000240c      0x3fa c:/apps/atmel/studio/7.0/toolchain/avr8/avr8-gnu-toolchain/bin/../lib/gcc/avr/5.4.0/../../../../avr/lib/avr6\libc.a(vfprintf_std.o)
                0x0000240c                vfprintf
 .text.avr-libc
                0x00002806       0x16 c:/apps/atmel/studio/7.0/toolchain/avr8/avr8-gnu-toolchain/bin/../lib/gcc/avr/5.4.0/../../../../avr/lib/avr6\libc.a(strnlen_P.o)
                0x00002806                strnlen_P
 .text.avr-libc
                0x0000281c       0x16 c:/apps/atmel/studio/7.0/toolchain/avr8/avr8-gnu-toolchain/bin/../lib/gcc/avr/5.4.0/../../../../avr/lib/avr6\libc.a(strnlen.o)
                0x0000281c                strnlen
 .text.avr-libc
                0x00002832       0x20 c:/apps/atmel/studio/7.0/toolchain/avr8/avr8-gnu-toolchain/bin/../lib/gcc/avr/5.4.0/../../../../avr/lib/avr6\libc.a(strrev.o)
                0x00002832                strrev
 .text.avr-libc
                0x00002852       0x78 c:/apps/atmel/studio/7.0/toolchain/avr8/avr8-gnu-toolchain/bin/../lib/gcc/avr/5.4.0/../../../../avr/lib/avr6\libc.a(fputc.o)
                0x00002852                fputc
 .text.avr-libc
                0x000028ca       0xbc c:/apps/atmel/studio/7.0/toolchain/avr8/avr8-gnu-toolchain/bin/../lib/gcc/avr/5.4.0/../../../../avr/lib/avr6\libc.a(ultoa_invert.o)
                0x000028ca                __ultoa_invert
 .text.libgcc.mul
                0x00002986       0x14 c:/apps/atmel/studio/7.0/toolchain/avr8/avr8-gnu-toolchain/bin/../lib/gcc/avr/5.4.0/avr6\libgcc.a(_muluhisi3.o)
                0x00002986                __muluhisi3
 .text.libgcc.mul
                0x0000299a        0xc c:/apps/atmel/studio/7.0/toolchain/avr8/avr8-gnu-toolchain/bin/../lib/gcc/avr/5.4.0/avr6\libgcc.a(_mulshisi3.o)
                0x0000299a                __mulshisi3
                0x0000299e                __mulohisi3
 .text.libgcc.mul
                0x000029a6       0x1e c:/apps/atmel/studio/7.0/toolchain/avr8/avr8-gnu-toolchain/bin/../lib/gcc/avr/5.4.0/avr6\libgcc.a(_umulhisi3.o)
                0x000029a6                __umulhisi3
                0x000029c4                . = ALIGN (0x2)
 *(.fini9)
 .fini9         0x000029c4        0x0 c:/apps/atmel/studio/7.0/toolchain/avr8/avr8-gnu-toolchain/bin/../lib/gcc/avr/5.4.0/avr6\libgcc.a(_exit.o)
                0x000029c4                _exit
                0x000029c4                exit
 *(.fini9)
 *(.fini8)
 *(.fini8)
 *(.fini7)
 *(.fini7)
 *(.fini6)
 *(.fini6)
 *(.fini5)
 *(.fini5)
 *(.fini4)
 *(.fini4)
 *(.fini3)
 *(.fini3)
 *(.fini2)
 *(.fini2)
 *(.fini1)
 *(.fini1)
 *(.fini0)
 .fini0         0x000029c4        0x4 c:/apps/atmel/studio/7.0/toolchain/avr8/avr8-gnu-toolchain/bin/../lib/gcc/avr/5.4.0/avr6\libgcc.a(_exit.o)
 *(.fini0)
                0x000029c8                _etext = .

.data           0x00800200      0x122 load address 0x000029c8
                0x00800200                PROVIDE (__data_start, .)
 *(.data)
 .data          0x00800200        0x4 c:/apps/atmel/studio/7.0/toolchain/avr8/avr8-gnu-toolchain/bin/../lib/gcc/avr/5.4.0/../../../../avr/lib/avr6\libc.a(rand.o)
 *(.data*)
 .data.uart_str
                0x00800204        0xe main.o
                0x00800204                uart_str
 *(.gnu.linkonce.d*)
 *(.rodata)
 *(.rodata*)
 .rodata.str1.1
                0x00800212       0xb3 hx711/hx711.o
 .rodata.str1.1
                0x008002c5       0x57 main.o
 .rodata.ack.2764
                0x0080031c        0x6 main.o
 *(.gnu.linkonce.r*)
                0x00800322                . = ALIGN (0x2)
                0x00800322                _edata = .
                0x00800322                PROVIDE (__data_end, .)

.bss            0x00800322     0x1865
                0x00800322                PROVIDE (__bss_start, .)
 *(.bss)
 *(.bss*)
 .bss.HX711_kal
                0x00800322        0x4 hx711/hx711.o
                0x00800322                HX711_kal
 .bss.HX711_GRAMS
                0x00800326        0x4 hx711/hx711.o
                0x00800326                HX711_GRAMS
 .bss.HX711_averageCount
                0x0080032a        0x4 hx711/hx711.o
                0x0080032a                HX711_averageCount
 .bss.HX711_ZERO
                0x0080032e        0x4 hx711/hx711.o
                0x0080032e                HX711_ZERO
 .bss.measurementString.2784
                0x00800332       0x1e main.o
 .bss.buffer.2783
                0x00800350       0x14 main.o
 .bss.sizeofWeight
                0x00800364        0x1 main.o
 .bss.measurementCount
                0x00800365        0x4 main.o
 .bss.appUartBufferPtr
                0x00800369        0x1 main.o
 .bss.appUartBuffer
                0x0080036a       0x6d main.o
 .bss.appDataReqBuffer
                0x008003d7       0x6d main.o
 .bss.appDataReqBusy
                0x00800444        0x1 main.o
 .bss.appDataReq
                0x00800445       0x11 main.o
 .bss.myTimer   0x00800456        0xd main.o
 .bss.appTimer  0x00800463        0xd main.o
 .bss.appState  0x00800470        0x1 main.o
 .bss.halSleepTimerEvent
                0x00800471        0x1 stack/hal/drivers/atmega256rfr2/src/halSleep.o
 .bss.newData   0x00800472        0x1 stack/hal/drivers/atmega256rfr2/src/halUart.o
 .bss.udrEmpty  0x00800473        0x1 stack/hal/drivers/atmega256rfr2/src/halUart.o
 .bss.rxData    0x00800474      0x191 stack/hal/drivers/atmega256rfr2/src/halUart.o
 .bss.rxFifo    0x00800605        0xa stack/hal/drivers/atmega256rfr2/src/halUart.o
 .bss.txData    0x0080060f      0x191 stack/hal/drivers/atmega256rfr2/src/halUart.o
 .bss.txFifo    0x008007a0        0xa stack/hal/drivers/atmega256rfr2/src/halUart.o
 .bss.nwkDataReqQueue
                0x008007aa        0x2 stack/nwk/src/nwkDataReq.o
 .bss.nwkFrameFrames
                0x008007ac     0x100e stack/nwk/src/nwkFrame.o
 .bss.nwkRouteTable
                0x008017ba      0x2bc stack/nwk/src/nwkRoute.o
 .bss.nwkRxDuplicateRejectionTimer
                0x00801a76        0xd stack/nwk/src/nwkRx.o
 .bss.nwkRxAckControl
                0x00801a83        0x1 stack/nwk/src/nwkRx.o
 .bss.nwkRxDuplicateRejectionTable
                0x00801a84       0x32 stack/nwk/src/nwkRx.o
 .bss.nwkTxDelayTimer
                0x00801ab6        0xd stack/nwk/src/nwkTx.o
 .bss.nwkTxAckWaitTimer
                0x00801ac3        0xd stack/nwk/src/nwkTx.o
 .bss.nwkTxPhyActiveFrame
                0x00801ad0        0x2 stack/nwk/src/nwkTx.o
 .bss.phyBand   0x00801ad2        0x1 stack/phy/atmega256rfr2/src/phy.o
 .bss.phyChannel
                0x00801ad3        0x1 stack/phy/atmega256rfr2/src/phy.o
 .bss.phyRxState
                0x00801ad4        0x1 stack/phy/atmega256rfr2/src/phy.o
 .bss.phyRxBuffer
                0x00801ad5       0x80 stack/phy/atmega256rfr2/src/phy.o
 .bss.phyState  0x00801b55        0x1 stack/phy/atmega256rfr2/src/phy.o
 .bss.timers    0x00801b56        0x2 stack/sys/src/sysTimer.o
 *(COMMON)
 COMMON         0x00801b58        0x1 stack/hal/atmega256rfr2/src/halTimer.o
                0x00801b58                halTimerIrqCount
 COMMON         0x00801b59       0x28 stack/nwk/src/nwk.o
                0x00801b59                nwkIb
 COMMON         0x00801b81        0x6 c:/apps/atmel/studio/7.0/toolchain/avr8/avr8-gnu-toolchain/bin/../lib/gcc/avr/5.4.0/../../../../avr/lib/avr6\libc.a(iob.o)
                0x00801b81                __iob
                0x00801b87                PROVIDE (__bss_end, .)
                0x000029c8                __data_load_start = LOADADDR (.data)
                0x00002aea                __data_load_end = (__data_load_start + SIZEOF (.data))

.noinit         0x00801b87        0x0
                [!provide]                PROVIDE (__noinit_start, .)
 *(.noinit*)
                [!provide]                PROVIDE (__noinit_end, .)
                0x00801b87                _end = .
                [!provide]                PROVIDE (__heap_start, .)

.eeprom         0x00810000        0x0
 *(.eeprom*)
                0x00810000                __eeprom_end = .

.fuse
 *(.fuse)
 *(.lfuse)
 *(.hfuse)
 *(.efuse)

.lock
 *(.lock*)

.signature
 *(.signature*)

.user_signatures
 *(.user_signatures*)

.stab
 *(.stab)

.stabstr
 *(.stabstr)

.stab.excl
 *(.stab.excl)

.stab.exclstr
 *(.stab.exclstr)

.stab.index
 *(.stab.index)

.stab.indexstr
 *(.stab.indexstr)

.comment        0x00000000       0x5c
 *(.comment)
 .comment       0x00000000       0x30 hx711/hx711.o
                                 0x31 (size before relaxing)
 .comment       0x00000030       0x31 main.o
 .comment       0x00000030       0x31 stack/hal/atmega256rfr2/src/hal.o
 .comment       0x00000030       0x31 stack/hal/atmega256rfr2/src/halTimer.o
 .comment       0x00000030       0x31 stack/hal/drivers/atmega256rfr2/src/halSleep.o
 .comment       0x00000030       0x31 stack/hal/drivers/atmega256rfr2/src/halUart.o
 .comment       0x00000030       0x31 stack/nwk/src/nwk.o
 .comment       0x00000030       0x31 stack/nwk/src/nwkDataReq.o
 .comment       0x00000030       0x31 stack/nwk/src/nwkFrame.o
 .comment       0x00000030       0x31 stack/nwk/src/nwkRoute.o
 .comment       0x00000030       0x31 stack/nwk/src/nwkRx.o
 .comment       0x00000030       0x31 stack/nwk/src/nwkTx.o
 .comment       0x00000030       0x31 stack/phy/atmega256rfr2/src/phy.o
 .comment       0x00000030       0x31 stack/sys/src/sys.o
 .comment       0x00000030       0x31 stack/sys/src/sysTimer.o
 .comment       0x00000030       0x31 uart/uart.o
 .comment       0x00000030       0x31 c:/apps/atmel/studio/7.0/toolchain/avr8/avr8-gnu-toolchain/bin/../lib/gcc/avr/5.4.0/../../../../avr/lib/avr6\libc.a(rand.o)
 .comment       0x00000030       0x31 c:/apps/atmel/studio/7.0/toolchain/avr8/avr8-gnu-toolchain/bin/../lib/gcc/avr/5.4.0/../../../../avr/lib/avr6\libc.a(iob.o)
 .comment       0x00000030       0x31 c:/apps/atmel/studio/7.0/toolchain/avr8/avr8-gnu-toolchain/bin/../lib/gcc/avr/5.4.0/../../../../avr/lib/avr6\libc.a(printf.o)
 .comment       0x00000030       0x31 c:/apps/atmel/studio/7.0/toolchain/avr8/avr8-gnu-toolchain/bin/../lib/gcc/avr/5.4.0/../../../../avr/lib/avr6\libc.a(snprintf.o)
 .comment       0x00000030       0x2c c:/apps/atmel/studio/7.0/toolchain/avr8/avr8-gnu-toolchain/bin/../lib/gcc/avr/5.4.0/../../../../avr/lib/avr6\libc.a(vfprintf_std.o)
                                 0x2d (size before relaxing)
 .comment       0x0000005c       0x31 c:/apps/atmel/studio/7.0/toolchain/avr8/avr8-gnu-toolchain/bin/../lib/gcc/avr/5.4.0/../../../../avr/lib/avr6\libc.a(fputc.o)

.note.gnu.avr.deviceinfo
                0x00000000       0x40
 .note.gnu.avr.deviceinfo
                0x00000000       0x40 c:/apps/atmel/studio/7.0/toolchain/avr8/avr8-gnu-toolchain/bin/../lib/gcc/avr/5.4.0/../../../../avr/lib/avr6/crtatmega256rfr2.o

.note.gnu.build-id
 *(.note.gnu.build-id)

.debug
 *(.debug)

.line
 *(.line)

.debug_srcinfo
 *(.debug_srcinfo)

.debug_sfnames
 *(.debug_sfnames)

.debug_aranges  0x00000000      0x4c8
 *(.debug_aranges)
 .debug_aranges
                0x00000000       0x58 hx711/hx711.o
 .debug_aranges
                0x00000058       0x60 main.o
 .debug_aranges
                0x000000b8       0x28 stack/hal/atmega256rfr2/src/hal.o
 .debug_aranges
                0x000000e0       0x30 stack/hal/atmega256rfr2/src/halTimer.o
 .debug_aranges
                0x00000110       0x28 stack/hal/drivers/atmega256rfr2/src/halSleep.o
 .debug_aranges
                0x00000138       0x48 stack/hal/drivers/atmega256rfr2/src/halUart.o
 .debug_aranges
                0x00000180       0x70 stack/nwk/src/nwk.o
 .debug_aranges
                0x000001f0       0x38 stack/nwk/src/nwkDataReq.o
 .debug_aranges
                0x00000228       0x40 stack/nwk/src/nwkFrame.o
 .debug_aranges
                0x00000268       0x80 stack/nwk/src/nwkRoute.o
 .debug_aranges
                0x000002e8       0x48 stack/nwk/src/nwkRx.o
 .debug_aranges
                0x00000330       0x60 stack/nwk/src/nwkTx.o
 .debug_aranges
                0x00000390       0x88 stack/phy/atmega256rfr2/src/phy.o
 .debug_aranges
                0x00000418       0x28 stack/sys/src/sys.o
 .debug_aranges
                0x00000440       0x48 stack/sys/src/sysTimer.o
 .debug_aranges
                0x00000488       0x40 uart/uart.o

.debug_pubnames
 *(.debug_pubnames)

.debug_info     0x00000000     0x6e02
 *(.debug_info .gnu.linkonce.wi.*)
 .debug_info    0x00000000     0x13e6 c:/apps/atmel/studio/7.0/toolchain/avr8/avr8-gnu-toolchain/bin/../lib/gcc/avr/5.4.0/../../../../avr/lib/avr6/crtatmega256rfr2.o
 .debug_info    0x000013e6      0x3b3 hx711/hx711.o
 .debug_info    0x00001799      0xdb3 main.o
 .debug_info    0x0000254c      0x128 stack/hal/atmega256rfr2/src/hal.o
 .debug_info    0x00002674       0xe4 stack/hal/atmega256rfr2/src/halTimer.o
 .debug_info    0x00002758      0x184 stack/hal/drivers/atmega256rfr2/src/halSleep.o
 .debug_info    0x000028dc      0x31a stack/hal/drivers/atmega256rfr2/src/halUart.o
 .debug_info    0x00002bf6      0x4ce stack/nwk/src/nwk.o
 .debug_info    0x000030c4      0x785 stack/nwk/src/nwkDataReq.o
 .debug_info    0x00003849      0x572 stack/nwk/src/nwkFrame.o
 .debug_info    0x00003dbb      0xb52 stack/nwk/src/nwkRoute.o
 .debug_info    0x0000490d      0xc34 stack/nwk/src/nwkRx.o
 .debug_info    0x00005541      0xa26 stack/nwk/src/nwkTx.o
 .debug_info    0x00005f67      0x7c4 stack/phy/atmega256rfr2/src/phy.o
 .debug_info    0x0000672b      0x140 stack/sys/src/sys.o
 .debug_info    0x0000686b      0x345 stack/sys/src/sysTimer.o
 .debug_info    0x00006bb0      0x252 uart/uart.o

.debug_abbrev   0x00000000     0x30c9
 *(.debug_abbrev)
 .debug_abbrev  0x00000000     0x12d6 c:/apps/atmel/studio/7.0/toolchain/avr8/avr8-gnu-toolchain/bin/../lib/gcc/avr/5.4.0/../../../../avr/lib/avr6/crtatmega256rfr2.o
 .debug_abbrev  0x000012d6      0x153 hx711/hx711.o
 .debug_abbrev  0x00001429      0x3f2 main.o
 .debug_abbrev  0x0000181b       0xc3 stack/hal/atmega256rfr2/src/hal.o
 .debug_abbrev  0x000018de       0xaa stack/hal/atmega256rfr2/src/halTimer.o
 .debug_abbrev  0x00001988       0xd5 stack/hal/drivers/atmega256rfr2/src/halSleep.o
 .debug_abbrev  0x00001a5d      0x16a stack/hal/drivers/atmega256rfr2/src/halUart.o
 .debug_abbrev  0x00001bc7      0x1b5 stack/nwk/src/nwk.o
 .debug_abbrev  0x00001d7c      0x27f stack/nwk/src/nwkDataReq.o
 .debug_abbrev  0x00001ffb      0x183 stack/nwk/src/nwkFrame.o
 .debug_abbrev  0x0000217e      0x332 stack/nwk/src/nwkRoute.o
 .debug_abbrev  0x000024b0      0x38a stack/nwk/src/nwkRx.o
 .debug_abbrev  0x0000283a      0x30c stack/nwk/src/nwkTx.o
 .debug_abbrev  0x00002b46      0x230 stack/phy/atmega256rfr2/src/phy.o
 .debug_abbrev  0x00002d76       0x63 stack/sys/src/sys.o
 .debug_abbrev  0x00002dd9      0x19b stack/sys/src/sysTimer.o
 .debug_abbrev  0x00002f74      0x155 uart/uart.o

.debug_line     0x00000000     0x2dd5
 *(.debug_line .debug_line.* .debug_line_end)
 .debug_line    0x00000000       0x1a c:/apps/atmel/studio/7.0/toolchain/avr8/avr8-gnu-toolchain/bin/../lib/gcc/avr/5.4.0/../../../../avr/lib/avr6/crtatmega256rfr2.o
 .debug_line    0x0000001a      0x2f8 hx711/hx711.o
 .debug_line    0x00000312      0x64d main.o
 .debug_line    0x0000095f      0x167 stack/hal/atmega256rfr2/src/hal.o
 .debug_line    0x00000ac6      0x11e stack/hal/atmega256rfr2/src/halTimer.o
 .debug_line    0x00000be4      0x1cc stack/hal/drivers/atmega256rfr2/src/halSleep.o
 .debug_line    0x00000db0      0x2b5 stack/hal/drivers/atmega256rfr2/src/halUart.o
 .debug_line    0x00001065      0x29c stack/nwk/src/nwk.o
 .debug_line    0x00001301      0x23d stack/nwk/src/nwkDataReq.o
 .debug_line    0x0000153e      0x1c2 stack/nwk/src/nwkFrame.o
 .debug_line    0x00001700      0x47d stack/nwk/src/nwkRoute.o
 .debug_line    0x00001b7d      0x4a5 stack/nwk/src/nwkRx.o
 .debug_line    0x00002022      0x4bb stack/nwk/src/nwkTx.o
 .debug_line    0x000024dd      0x3cf stack/phy/atmega256rfr2/src/phy.o
 .debug_line    0x000028ac      0x108 stack/sys/src/sys.o
 .debug_line    0x000029b4      0x2ab stack/sys/src/sysTimer.o
 .debug_line    0x00002c5f      0x176 uart/uart.o

.debug_frame    0x00000000      0xcc0
 *(.debug_frame)
 .debug_frame   0x00000000      0x16c hx711/hx711.o
 .debug_frame   0x0000016c      0x1b8 main.o
 .debug_frame   0x00000324       0x34 stack/hal/atmega256rfr2/src/hal.o
 .debug_frame   0x00000358       0x54 stack/hal/atmega256rfr2/src/halTimer.o
 .debug_frame   0x000003ac       0x50 stack/hal/drivers/atmega256rfr2/src/halSleep.o
 .debug_frame   0x000003fc       0xe4 stack/hal/drivers/atmega256rfr2/src/halUart.o
 .debug_frame   0x000004e0       0xd4 stack/nwk/src/nwk.o
 .debug_frame   0x000005b4       0x68 stack/nwk/src/nwkDataReq.o
 .debug_frame   0x0000061c       0x64 stack/nwk/src/nwkFrame.o
 .debug_frame   0x00000680      0x174 stack/nwk/src/nwkRoute.o
 .debug_frame   0x000007f4       0xe0 stack/nwk/src/nwkRx.o
 .debug_frame   0x000008d4      0x144 stack/nwk/src/nwkTx.o
 .debug_frame   0x00000a18      0x13c stack/phy/atmega256rfr2/src/phy.o
 .debug_frame   0x00000b54       0x34 stack/sys/src/sys.o
 .debug_frame   0x00000b88       0xc0 stack/sys/src/sysTimer.o
 .debug_frame   0x00000c48       0x78 uart/uart.o

.debug_str      0x00000000     0x21b2
 *(.debug_str)
 .debug_str     0x00000000      0x7f7 c:/apps/atmel/studio/7.0/toolchain/avr8/avr8-gnu-toolchain/bin/../lib/gcc/avr/5.4.0/../../../../avr/lib/avr6/crtatmega256rfr2.o
 .debug_str     0x000007f7      0x244 hx711/hx711.o
                                0x284 (size before relaxing)
 .debug_str     0x00000a3b      0x4b8 main.o
                                0x66d (size before relaxing)
 .debug_str     0x00000ef3       0x6a stack/hal/atmega256rfr2/src/hal.o
                                0x1cf (size before relaxing)
 .debug_str     0x00000f5d       0x47 stack/hal/atmega256rfr2/src/halTimer.o
                                0x1c9 (size before relaxing)
 .debug_str     0x00000fa4       0x97 stack/hal/drivers/atmega256rfr2/src/halSleep.o
                                0x214 (size before relaxing)
 .debug_str     0x0000103b       0x96 stack/hal/drivers/atmega256rfr2/src/halUart.o
                                0x292 (size before relaxing)
 .debug_str     0x000010d1      0x157 stack/nwk/src/nwk.o
                                0x356 (size before relaxing)
 .debug_str     0x00001228      0x2a2 stack/nwk/src/nwkDataReq.o
                                0x585 (size before relaxing)
 .debug_str     0x000014ca       0x61 stack/nwk/src/nwkFrame.o
                                0x424 (size before relaxing)
 .debug_str     0x0000152b      0x1fa stack/nwk/src/nwkRoute.o
                                0x62e (size before relaxing)
 .debug_str     0x00001725      0x2bb stack/nwk/src/nwkRx.o
                                0x767 (size before relaxing)
 .debug_str     0x000019e0      0x1c7 stack/nwk/src/nwkTx.o
                                0x6f7 (size before relaxing)
 .debug_str     0x00001ba7      0x518 stack/phy/atmega256rfr2/src/phy.o
                                0x796 (size before relaxing)
 .debug_str     0x000020bf       0x3a stack/sys/src/sys.o
                                0x1f1 (size before relaxing)
 .debug_str     0x000020f9       0x47 stack/sys/src/sysTimer.o
                                0x286 (size before relaxing)
 .debug_str     0x00002140       0x72 uart/uart.o
                                0x20e (size before relaxing)

.debug_loc      0x00000000     0x3015
 *(.debug_loc)
 .debug_loc     0x00000000      0x599 hx711/hx711.o
 .debug_loc     0x00000599      0x653 main.o
 .debug_loc     0x00000bec       0x21 stack/hal/atmega256rfr2/src/hal.o
 .debug_loc     0x00000c0d       0x62 stack/hal/atmega256rfr2/src/halTimer.o
 .debug_loc     0x00000c6f      0x179 stack/hal/drivers/atmega256rfr2/src/halSleep.o
 .debug_loc     0x00000de8      0x212 stack/hal/drivers/atmega256rfr2/src/halUart.o
 .debug_loc     0x00000ffa      0x14d stack/nwk/src/nwk.o
 .debug_loc     0x00001147      0x137 stack/nwk/src/nwkDataReq.o
 .debug_loc     0x0000127e       0xe2 stack/nwk/src/nwkFrame.o
 .debug_loc     0x00001360      0x875 stack/nwk/src/nwkRoute.o
 .debug_loc     0x00001bd5      0x543 stack/nwk/src/nwkRx.o
 .debug_loc     0x00002118      0x691 stack/nwk/src/nwkTx.o
 .debug_loc     0x000027a9      0x32a stack/phy/atmega256rfr2/src/phy.o
 .debug_loc     0x00002ad3      0x42e stack/sys/src/sysTimer.o
 .debug_loc     0x00002f01      0x114 uart/uart.o

.debug_macinfo
 *(.debug_macinfo)

.debug_weaknames
 *(.debug_weaknames)

.debug_funcnames
 *(.debug_funcnames)

.debug_typenames
 *(.debug_typenames)

.debug_varnames
 *(.debug_varnames)

.debug_pubtypes
 *(.debug_pubtypes)

.debug_ranges   0x00000000      0x540
 *(.debug_ranges)
 .debug_ranges  0x00000000       0x48 hx711/hx711.o
 .debug_ranges  0x00000048       0xb0 main.o
 .debug_ranges  0x000000f8       0x18 stack/hal/atmega256rfr2/src/hal.o
 .debug_ranges  0x00000110       0x20 stack/hal/atmega256rfr2/src/halTimer.o
 .debug_ranges  0x00000130       0x30 stack/hal/drivers/atmega256rfr2/src/halSleep.o
 .debug_ranges  0x00000160       0x38 stack/hal/drivers/atmega256rfr2/src/halUart.o
 .debug_ranges  0x00000198       0x60 stack/nwk/src/nwk.o
 .debug_ranges  0x000001f8       0x28 stack/nwk/src/nwkDataReq.o
 .debug_ranges  0x00000220       0x30 stack/nwk/src/nwkFrame.o
 .debug_ranges  0x00000250       0x88 stack/nwk/src/nwkRoute.o
 .debug_ranges  0x000002d8       0xd0 stack/nwk/src/nwkRx.o
 .debug_ranges  0x000003a8       0x68 stack/nwk/src/nwkTx.o
 .debug_ranges  0x00000410       0x78 stack/phy/atmega256rfr2/src/phy.o
 .debug_ranges  0x00000488       0x18 stack/sys/src/sys.o
 .debug_ranges  0x000004a0       0x70 stack/sys/src/sysTimer.o
 .debug_ranges  0x00000510       0x30 uart/uart.o

.debug_macro
 *(.debug_macro)
OUTPUT(LWM_MSSY.elf elf32-avr)
LOAD linker stubs
